// Jest Snapshot v1, https://goo.gl/fbAQLP

exports[`Router suite should match snapshot 1`] = `
<div
  className="Router"
>
  <BrowserRouter>
    <div>
      <Route
        component={[Function]}
        exact={true}
        path="/"
      />
      <Route
        component={[Function]}
        path="/about"
      />
      <Route
        component={[Function]}
        path="/topics"
      />
    </div>
  </BrowserRouter>
</div>
`;
